Please enter initial arrangement of books followed by newline:
[1, 9, 11, 13, 17, 19] 0 0
Type pick <index> or put <height> followed by newline. Type end to exit.
[1, 11, 13, 17, 19] 3 3
[1, 10, 11, 13, 17, 19] 3 6
[1, 10, 10, 11, 13, 17, 19] 3 9
[1, 10, 10, 10, 11, 13, 17, 19] 3 12
[1, 10, 10, 10, 10, 11, 13, 17, 19] 3 15
[1, 10, 10, 10, 10, 10, 11, 13, 17, 19] 3 18
[1, 10, 10, 10, 10, 10, 10, 11, 13, 17, 19] 3 21
[1, 10, 10, 10, 10, 10, 10, 10, 11, 13, 17, 19] 3 24
[1, 10, 10, 10, 10, 10, 10, 10, 10, 11, 13, 17, 19] 3 27
[1, 10, 10, 10, 10, 10, 10, 10, 10, 10, 11, 13, 17, 19] 3 30
[1, 10, 10, 10, 10, 10, 10, 10, 10, 10, 10, 11, 13, 17, 19] 3 33
[1, 10, 10, 10, 10, 10, 10, 10, 10, 10, 10, 10, 11, 13, 17, 19] 3 36
[1, 10, 10, 10, 10, 10, 10, 10, 10, 10, 10, 10, 10, 11, 13, 17, 19] 3 39
Exiting Program.
